/home/soumyajitmaity/demo/Backend/src/main/java/com/example/demo/Controllers/AuthController.java
/home/soumyajitmaity/demo/Backend/src/main/java/com/example/demo/Controllers/EmployeeController.java
/home/soumyajitmaity/demo/Backend/src/main/java/com/example/demo/Controllers/TicketController.java
/home/soumyajitmaity/demo/Backend/src/main/java/com/example/demo/DTO/AddEmployeeRequest.java
/home/soumyajitmaity/demo/Backend/src/main/java/com/example/demo/DTO/AuthRequest.java
/home/soumyajitmaity/demo/Backend/src/main/java/com/example/demo/DTO/AuthResponse.java
/home/soumyajitmaity/demo/Backend/src/main/java/com/example/demo/DemoApplication.java
/home/soumyajitmaity/demo/Backend/src/main/java/com/example/demo/Encode.java
/home/soumyajitmaity/demo/Backend/src/main/java/com/example/demo/Entity/Employee.java
/home/soumyajitmaity/demo/Backend/src/main/java/com/example/demo/Entity/Ticket.java
/home/soumyajitmaity/demo/Backend/src/main/java/com/example/demo/Repository/EmployeeRepository.java
/home/soumyajitmaity/demo/Backend/src/main/java/com/example/demo/Repository/TicketRepository.java
/home/soumyajitmaity/demo/Backend/src/main/java/com/example/demo/SecurityConfiguration/SecurityConfig.java
/home/soumyajitmaity/demo/Backend/src/main/java/com/example/demo/security/JwtFilter.java
/home/soumyajitmaity/demo/Backend/src/main/java/com/example/demo/security/JwtTokenUtil.java
